
Circuit 1 cell nfet_03v3 and Circuit 2 cell nfet_03v3 are black boxes.
Warning: Equate pins:  cell nfet_03v3 is a placeholder, treated as a black box.
Warning: Equate pins:  cell nfet_03v3 is a placeholder, treated as a black box.

Subcircuit pins:
Circuit 1: nfet_03v3                       |Circuit 2: nfet_03v3                       
-------------------------------------------|-------------------------------------------
1                                          |1                                          
2                                          |2                                          
3                                          |3                                          
4                                          |4                                          
---------------------------------------------------------------------------------------
Cell pin lists are equivalent.
Device classes nfet_03v3 and nfet_03v3 are equivalent.

Class RCM (0):  Merged 11 parallel devices.
Subcircuit summary:
Circuit 1: RCM                             |Circuit 2: RCM                             
-------------------------------------------|-------------------------------------------
nfet_03v3 (18->7)                          |nfet_03v3 (18->7)                          
Number of devices: 7                       |Number of devices: 7                       
Number of nets: 6                          |Number of nets: 6                          
---------------------------------------------------------------------------------------
Netlists match uniquely.

Subcircuit pins:
Circuit 1: RCM                             |Circuit 2: RCM                             
-------------------------------------------|-------------------------------------------
VOUT                                       |VOUT                                       
VSS                                        |VSS                                        
VIN                                        |VIN                                        
VAUX                                       |VAUX                                       
---------------------------------------------------------------------------------------
Cell pin lists are equivalent.
Device classes RCM and RCM are equivalent.

Final result: Circuits match uniquely.
.
