
Circuit 1 cell pfet_03v3 and Circuit 2 cell pfet_03v3 are black boxes.
Warning: Equate pins:  cell pfet_03v3 is a placeholder, treated as a black box.
Warning: Equate pins:  cell pfet_03v3 is a placeholder, treated as a black box.

Subcircuit pins:
Circuit 1: pfet_03v3                       |Circuit 2: pfet_03v3                       
-------------------------------------------|-------------------------------------------
1                                          |1                                          
2                                          |2                                          
3                                          |3                                          
4                                          |4                                          
---------------------------------------------------------------------------------------
Cell pin lists are equivalent.
Device classes pfet_03v3 and pfet_03v3 are equivalent.

Class INPUT_STAGE (0):  Merged 7 parallel devices.
Class INPUT_STAGE (1):  Merged 2 parallel devices.
Subcircuit summary:
Circuit 1: INPUT_STAGE                     |Circuit 2: INPUT_STAGE                     
-------------------------------------------|-------------------------------------------
pfet_03v3 (17->10)                         |pfet_03v3 (17->10)                         
Number of devices: 10                      |Number of devices: 10                      
Number of nets: 10                         |Number of nets: 10                         
---------------------------------------------------------------------------------------
Resolving symmetries by property value.
Resolving symmetries by pin name.
Netlists match uniquely.

Subcircuit pins:
Circuit 1: INPUT_STAGE                     |Circuit 2: INPUT_STAGE                     
-------------------------------------------|-------------------------------------------
VIN                                        |VIN                                        
EN                                         |EN                                         
VOUT_BCM                                   |VOUT_BCM                                   
VOUT_VCM                                   |VOUT_VCM                                   
VOUT_CCM                                   |VOUT_CCM                                   
VDD                                        |VDD                                        
---------------------------------------------------------------------------------------
Cell pin lists are equivalent.
Device classes INPUT_STAGE and INPUT_STAGE are equivalent.

Final result: Circuits match uniquely.
.
